[localhost_3000/index.html]
[localhost_3000/wcm-logo.png]
[localhost_3000/_next/static/chunks/src_app_globals_0p2ml0n.css]
[localhost_3000/next_static/chunks/src_app_globals_0p2ml0n.2.delayed]
[localhost_3000/_next/static/chunks/[turbopack]_browser_dev_hmr-client_hmr-client_ts_10z625_._.js]
[localhost_3000/_next/static/chunks/node_modules_next_dist_compiled_0rpq4pf._.js]
[localhost_3000/_next/static/chunks/node_modules_next_dist_compiled_react-server-dom-turbopack_0p3wegg._.js]
[localhost_3000/_next/static/chunks/node_modules_next_dist_115brz8._.js]
[localhost_3000/_next/static/chunks/node_modules_@swc_helpers_cjs_0-4ujiy._.js]
[localhost_3000/_next/static/chunks/_0rqeker._.js]
[localhost_3000/_next/static/chunks/turbopack-_0p44nws._.js]
[localhost_3000/_next/static/chunks/node_modules_next_0zl6c1m._.js]
[localhost_3000/_next/static/chunks/node_modules_next_dist_compiled_react-dom_058-ah_._.js]
[localhost_3000/_next/static/chunks/src_components_NavBar_tsx_0vcsifz._.js]
[localhost_3000/_next/static/chunks/node_modules_next_dist_client_0fhqo1d._.js]
[localhost_3000/_next/static/chunks/src_app_layout_tsx_004glpo._.js]
[localhost_3000/_next/static/chunks/src_app_page_tsx_02ys3zu._.js]
[localhost_3000/_next/static/chunks/node_modules_next_dist_client_components_builtin_global-error_02ys3zu.js]
[backblue.gif]
[fade.gif]
[index.html]
[localhost_3000/_next/static/chunks/node_modules_next_dist_compiled_next-devtools_index_0553esy.js]
[localhost_3000/faviconbcf9.ico]
[localhost_3000/project-requests-public.html]
[localhost_3000/_next/static/chunks/node_modules_next_dist_0gpmbu4._.js]
[localhost_3000/people.html]
[localhost_3000/_next/hero481ce.jpeg]
[localhost_3000/publications.html]
[localhost_3000/path2path-dashboard-login.html]
[localhost_3000/_next/static/chunks/node_modules_next_dist_build_polyfills_polyfill-nomodule.js]
[localhost_3000/_next/histo3be6c.jpeg]
[localhost_3000/histocore.html]
[localhost_3000/_next/snapshot_20251217_0950511f.png]
[localhost_3000/misi-lab.html]
[localhost_3000/computational-pathology.1e.delayed]
[localhost_3000/_next/comp379a4.jpeg]
[localhost_3000/genomics.20.delayed]
[localhost_3000/_next/DNAf66c.jpeg]
[localhost_3000/cp-research.22.delayed]
[localhost_3000/_next/bloodd7a3.jpeg]
[localhost_3000/_next/ect2c80.jpeg]
[localhost_3000/index.html]
[localhost_3000/_next/static/chunks/src_app_globals_0p2ml0n.css]
[localhost_3000/next_static/chunks/src_app_globals_0p2ml0n.html]
[localhost_3000/_next/static/chunks/src_app_project-requests-public_page_tsx_02ys3zu._.js]
[localhost_3000/project-requests-public.html]
[localhost_3000/_next/static/chunks/src_app_people_page_tsx_02ys3zu._.js]
[localhost_3000/_next/headshot-pisapia7c72.jpeg]
[localhost_3000/_next/static/chunks/src_app_project-requests-public_page_tsx_10ua6zg._.js]
[localhost_3000/_next/headshot-sathnure9d7.jpeg]
[localhost_3000/ect.html]
[localhost_3000/_next/headshot-bing821a.jpeg]
[localhost_3000/_next/person_placeholder7576.jpeg]
[localhost_3000/people.html]
[localhost_3000/_next/static/chunks/src_app_publications_page_tsx_02ys3zu._.js]
[localhost_3000/publications.html]
[localhost_3000/_next/static/chunks/src_app_path2path-dashboard-login_page_tsx_02ys3zu._.js]
[localhost_3000/path2path-dashboard-login.html]
[localhost_3000/_next/static/chunks/src_app_histocore_page_tsx_02ys3zu._.js]
[localhost_3000/histocore.html]
[localhost_3000/_next/static/chunks/src_app_path2path-dashboard-login_page_tsx_0d41ukt._.js]
[localhost_3000/_next/static/chunks/src_app_misi-lab_page_tsx_02ys3zu._.js]
[localhost_3000/translational-pathology]
[localhost_3000/services]
[localhost_3000/misi-lab.html]
[localhost_3000/computational-pathology.html]
[localhost_3000/genomics.html]
[localhost_3000/cp-research.html]
[localhost_3000/_next/static/chunks/src_app_ect_page_tsx_02ys3zu._.js]
[localhost_3000/ect.html]
[localhost_3000/translational-pathology.html]
[localhost_3000/services.html]
